<html>
<body>
<pre>
<h1>µVision Build Log</h1>
<h2>Tool Versions:</h2>
IDE-Version: µVision V5.42.0.0
Copyright (C) 2025 ARM Ltd and ARM Germany GmbH. All rights reserved.
License Information: Phuong Dang, PhuongDiep, LIC=SDA0P-M91CA-X7ERZ-JHVN2-62JWN-LFLAT
 
Tool Versions:
Toolchain:       MDK-ARM Plus  Version: 5.42.0.0
Toolchain Path:  C:\Users\Admin\AppData\Local\Keil_v5\ARM\ARMCC\Bin
C Compiler:      Armcc.exe V5.06 update 6 (build 750)
Assembler:       Armasm.exe V5.06 update 6 (build 750)
Linker/Locator:  ArmLink.exe V5.06 update 6 (build 750)
Library Manager: ArmAr.exe V5.06 update 6 (build 750)
Hex Converter:   FromElf.exe V5.06 update 6 (build 750)
CPU DLL:         SARMCM3.DLL V5.42.0.0
Dialog DLL:      DCM.DLL V1.17.5.0
Target DLL:      STLink\ST-LINKIII-KEIL_SWO.dll V3.3.0.0
Dialog DLL:      TCM.DLL V1.56.6.0
 
<h2>Project:</h2>
G:\STM32\STM32_ACC\pid_motor\MDK-ARM\pid_motor.uvprojx
Project File Date:  08/27/2025

<h2>Output:</h2>
*** Using Compiler 'V5.06 update 6 (build 750)', folder: 'C:\Users\Admin\AppData\Local\Keil_v5\ARM\ARMCC\Bin'
Build target 'pid_motor'
compiling main.c...
../Core/Src/main.c(163): warning:  #188-D: enumerated type mixed with another type
  	HAL_GPIO_WritePin(GPIOB, IN1_Pin, 1);
../Core/Src/main.c(164): warning:  #188-D: enumerated type mixed with another type
  	HAL_GPIO_WritePin(GPIOB, IN2_Pin, 0);
../Core/Src/main.c(170): warning:  #188-D: enumerated type mixed with another type
  	HAL_GPIO_WritePin(GPIOB, IN1_Pin, 0);
../Core/Src/main.c(171): warning:  #188-D: enumerated type mixed with another type
  	HAL_GPIO_WritePin(GPIOB, IN2_Pin, 1);
../Core/Src/main.c(177): warning:  #188-D: enumerated type mixed with another type
  	HAL_GPIO_WritePin(GPIOB, IN1_Pin, 0);
../Core/Src/main.c(178): warning:  #188-D: enumerated type mixed with another type
  	HAL_GPIO_WritePin(GPIOB, IN2_Pin, 0);
../Core/Src/main.c: 6 warnings, 0 errors
linking...
Program Size: Code=14482 RO-data=486 RW-data=76 ZI-data=1980  
FromELF: creating hex file...
"pid_motor\pid_motor.axf" - 0 Error(s), 6 Warning(s).

<h2>Software Packages used:</h2>

Package Vendor: ARM
                https://www.keil.com/pack/ARM.CMSIS.6.1.0.pack
                ARM::CMSIS@6.1.0
                CMSIS (Common Microcontroller Software Interface Standard)
   * Component: CORE Version: 6.1.0

Package Vendor: Keil
                https://www.keil.com/pack/Keil.STM32F1xx_DFP.2.4.1.pack
                Keil::STM32F1xx_DFP@2.4.1
                STMicroelectronics STM32F1 Series Device Support, Drivers and Examples

<h2>Collection of Component include folders:</h2>
  ./RTE/_pid_motor
  C:/Users/Admin/AppData/Local/Arm/Packs/ARM/CMSIS/6.1.0/CMSIS/Core/Include
  C:/Users/Admin/AppData/Local/Arm/Packs/Keil/STM32F1xx_DFP/2.4.1_bak_0/Device/Include

<h2>Collection of Component Files used:</h2>

   * Component: ARM::CMSIS:CORE@6.1.0
      Include file:  CMSIS/Core/Include/tz_context.h
Build Time Elapsed:  00:00:01
</pre>
</body>
</html>
